Addr    Word  Source
--------------------------------------------------------------
              ; dice.asm — roll a set of polyhedral dice and store results in registers
              ; clk_div: 20
              ; name: Dice Roll
              ;
              ; Rolls one of each: d20, d12, d10, d8, d6, d4 using the hardware PRNG
              ; (port 1, Galois LFSR).  Each die value is reduced modulo N and biased by
              ; +1 so the final result lies in the range 1..N (inclusive).
              ;
              ; Final register layout (held until reset):
              ;   R0 = d20  (1..20)
              ;   R1 = d12  (1..12)
              ;   R2 = d10  (1..10)
              ;   R3 = d8   (1..8)
              ;   R4 = d6   (1..6)
              ;   R5 = d4   (1..4)
              ;   R6 = 0    (scratch, cleared at end)
              ;   R7 = 0    (scratch, cleared at end)
              ;
              ; The LEDs are not touched — results live only in R0..R5 and can be
              ; inspected via the debug interface after the CPU halts.
              ;
              ; ──────────────────────────────────────────────────────────────────────────
              ; Modulo helper
              ; ──────────────────────────────────────────────────────────────────────────
              ; The CPU has no DIV/MOD, so modulo is implemented as repeated subtraction.
              ;
              ; Calling convention for `mod8`:
              ;   in : R6 = dividend (0..255)
              ;        R7 = divisor  (1..255)
              ;   out: R6 = R6 mod R7   (0 .. R7-1)
              ;        R7 unchanged
              ;
              ; CMP performs Ra - Rb and sets C=1 on borrow (i.e. when Ra < Rb).  So we
              ; loop while there is no borrow (Ra >= Rb) and subtract each iteration.
              
              .equ PRNG_PORT,    0x01
              
              ; ── Roll d20 → R0 ─────────────────────────────────────────────────────────
              
0000  8C2000          IN   R6, PRNG_PORT       ; R6 = raw random byte
0001  21C014          LDI  R7, 20              ; divisor
0002  54001B          CALL mod8                ; R6 = R6 mod 20  (0..19)
0003  118001          ADDI R0, R6, 1           ; R0 = 1..20
              
              ; ── Roll d12 → R1 ─────────────────────────────────────────────────────────
              
0004  8C2000          IN   R6, PRNG_PORT
0005  21C00C          LDI  R7, 12
0006  54001B          CALL mod8
0007  138001          ADDI R1, R6, 1           ; R1 = 1..12
              
              ; ── Roll d10 → R2 ─────────────────────────────────────────────────────────
              
0008  8C2000          IN   R6, PRNG_PORT
0009  21C00A          LDI  R7, 10
000A  54001B          CALL mod8
000B  158001          ADDI R2, R6, 1           ; R2 = 1..10
              
              ; ── Roll d8 → R3 ──────────────────────────────────────────────────────────
              
000C  8C2000          IN   R6, PRNG_PORT
000D  21C008          LDI  R7, 8
000E  54001B          CALL mod8
000F  178001          ADDI R3, R6, 1           ; R3 = 1..8
              
              ; ── Roll d6 → R4 ──────────────────────────────────────────────────────────
              
0010  8C2000          IN   R6, PRNG_PORT
0011  21C006          LDI  R7, 6
0012  54001B          CALL mod8
0013  198001          ADDI R4, R6, 1           ; R4 = 1..6
              
              ; ── Roll d4 → R5 ──────────────────────────────────────────────────────────
              
0014  8C2000          IN   R6, PRNG_PORT
0015  21C004          LDI  R7, 4
0016  54001B          CALL mod8
0017  1B8001          ADDI R5, R6, 1           ; R5 = 1..4
              
              ; ── Clear scratch registers so only R0..R5 hold meaningful values ───────
              
0018  218000          LDI  R6, 0
0019  21C000          LDI  R7, 0
              
              ; ── All dice rolled — halt with results held in R0..R5 ───────────────────
              
001A  F00000          HALT
              
              ; ──────────────────────────────────────────────────────────────────────────
              ; mod8 — R6 = R6 mod R7   (subroutine)
              ; ──────────────────────────────────────────────────────────────────────────
              mod8:
001B  61B800          CMP  R6, R7              ; R6 - R7, sets C=1 if R6 < R7 (borrow)
001C  46001F          JC   mod8_done           ; if R6 < R7, R6 already holds the remainder
001D  01DB80          SUB  R6, R6, R7          ; otherwise subtract divisor
001E  40001B          JMP  mod8                ; and try again
              mod8_done:
001F  560000          RET
