Addr  Word  Source
------------------------------------------------------------
            ; fibonacci.asm — compute Fibonacci numbers until the next value would
            ;                 overflow an 8-bit unsigned integer (> 255), storing
            ;                 each result in RAM and keeping the latest in R7.
            ;
            ; Demonstrates: LDI, ADD, ADDI, ST, JC, JMP, HALT
            ;               plus .equ constants and labels.
            ;
            ; Algorithm (iterative):
            ;   fib(0) = 0
            ;   fib(1) = 1
            ;   fib(i) = fib(i-2) + fib(i-1)   for i >= 2
            ;   Stop when fib(i-2) + fib(i-1) overflows 8 bits (carry flag set).
            ;
            ; Register use:
            ;   R0 = loop index i (RAM address pointer)
            ;   R1 = fib[i-2]  (a)
            ;   R2 = fib[i-1]  (b)
            ;   R3 = fib[i]    (next = a + b)
            ;   R7 = latest Fibonacci result that fits in 8 bits
            ;
            ; RAM layout (at base 0x00):
            ;   RAM[0]  = fib(0)  =   0
            ;   RAM[1]  = fib(1)  =   1
            ;   RAM[2]  = fib(2)  =   1
            ;   RAM[3]  = fib(3)  =   2
            ;   RAM[4]  = fib(4)  =   3
            ;   RAM[5]  = fib(5)  =   5
            ;   RAM[6]  = fib(6)  =   8
            ;   RAM[7]  = fib(7)  =  13
            ;   RAM[8]  = fib(8)  =  21
            ;   RAM[9]  = fib(9)  =  34
            ;   RAM[10] = fib(10) =  55
            ;   RAM[11] = fib(11) =  89
            ;   RAM[12] = fib(12) = 144
            ;   RAM[13] = fib(13) = 233  ← last value that fits (fib(14)=377 overflows)
            ;
            ; Final state: R7 = 233, CPU halted.
            
            .equ BASE, 0           ; RAM base address
            
            ; ── initialise ────────────────────────────────────────────────────────────────
            
0000  2040          LDI  R1, 0          ; a = fib(0) = 0
0001  2081          LDI  R2, 1          ; b = fib(1) = 1
0002  2000          LDI  R0, BASE       ; R0 = RAM address pointer
            
0003  2401          ST   [R0], R1       ; RAM[0] = 0
0004  3E40          MOV  R7, R1         ; R7 = fib(0) = 0
0005  1001          ADDI R0, R0, 1      ; advance pointer
0006  2402          ST   [R0], R2       ; RAM[1] = 1
0007  3E80          MOV  R7, R2         ; R7 = fib(1) = 1
0008  1001          ADDI R0, R0, 1      ; advance pointer  (R0 now points to RAM[2])
            
            ; ── main loop ─────────────────────────────────────────────────────────────────
            
            loop:
0009  0650          ADD  R3, R1, R2     ; next = a + b; carry set if > 255
000A  4611          JC   done           ; overflow → stop, R7 holds last valid result
            
000B  3EC0          MOV  R7, R3         ; R7 = latest Fibonacci result
000C  2403          ST   [R0], R3       ; RAM[i] = fib(i)
000D  1001          ADDI R0, R0, 1      ; advance pointer
            
000E  3280          MOV  R1, R2         ; a = b
000F  34C0          MOV  R2, R3         ; b = next
0010  4009          JMP  loop
            
            ; ── halt ──────────────────────────────────────────────────────────────────────
            
            done:
0011  F000          HALT
