Addr    Word  Source
--------------------------------------------------------------
              ; fibonacci_stack.asm — compute 16-bit Fibonacci numbers fib(0)..fib(15),
              ;                       pushing the lo byte of each value onto the hardware
              ;                       stack (16 pushes total), then popping all 16 values
              ;                       back to verify LIFO order.
              ;
              ; 16-bit arithmetic uses register pairs (hi:lo):
              ;   a  = R2(lo) : R3(hi)     fib[i-2]
              ;   b  = R4(lo) : R5(hi)     fib[i-1]
              ;   next_lo = R6, next_hi = (computed via ADD then ADC)
              ;
              ; Loop control:
              ;   R0 = push counter, counts 0 → 16 (ADDI R0,R0,1 + CMPI R0,16 + JNZ)
              ;
              ; Phase 1 — PUSH:
              ;   For i = 0..15:
              ;     push lo byte of fib(i)
              ;     advance (a,b) ← (b, a+b) using 16-bit ADD/ADC
              ;
              ; Phase 2 — POP:
              ;   Pop all 16 values into R7 in LIFO order.
              ;   R0 counts 16 → 0 using ADDI R0,R0,1 + CMPI R0,16 + JNZ loop.
              ;
              ; Register use:
              ;   R0 = loop counter
              ;   R1 = scratch (hi byte of next during push advance)
              ;   R2 = a_lo    fib[i-2] low byte
              ;   R3 = a_hi    fib[i-2] high byte
              ;   R4 = b_lo    fib[i-1] low byte
              ;   R5 = b_hi    fib[i-1] high byte
              ;   R6 = next_lo (a_lo + b_lo)
              ;   R7 = display / pop result
              ;
              ; Expected lo bytes pushed (fib(0)..fib(15)):
              ;   0,1,1,2,3,5,8,13,21,34,55,89,144,233,121,98
              ;   (fib(14)=377 → lo=121,hi=1;  fib(15)=610 → lo=98,hi=2)
              ;
              ; Final state: R7 = 0 (= lo(fib(0)), last value popped), CPU halted.
              
              .equ PUSH_COUNT, 16    ; number of values to push
              
              ; ── Phase 1: initialise ─────────────────────────────────────────────────────
              
0000  200000          LDI  R0, 0          ; loop counter = 0
              
                      ; a = fib(-1) sentinel so that fib(0)=0, fib(1)=1 fall out naturally:
                      ; We start with a=0,b=1 and push b before advancing, but actually
                      ; we want fib(0)=0 first. Seed: a_lo=1,a_hi=0  b_lo=0,b_hi=0
                      ; so first push is b_lo=0=fib(0), then advance b←a+b=1=fib(1), etc.
0001  208001          LDI  R2, 1          ; a_lo = 1  (seed so fib(0)=0 is b)
0002  20C000          LDI  R3, 0          ; a_hi = 0
0003  210000          LDI  R4, 0          ; b_lo = 0  = fib(0)
0004  214000          LDI  R5, 0          ; b_hi = 0
              
              ; ── Push loop ───────────────────────────────────────────────────────────────
              
              push_loop:
0005  510000          PUSH R4             ; push lo byte of current fib value (b_lo)
0006  3F0000          MOV  R7, R4         ; R7 = latest lo byte (for debug display)
              
                      ; Compute next = a + b (16-bit)
0007  00CA00          ADD  R6, R2, R4     ; next_lo = a_lo + b_lo  (may produce carry in C)
0008  082E80          ADC  R1, R3, R5     ; next_hi = a_hi + b_hi + C
              
                      ; Advance: a ← b,  b ← next
0009  350000          MOV  R2, R4         ; a_lo = b_lo
000A  374000          MOV  R3, R5         ; a_hi = b_hi
000B  398000          MOV  R4, R6         ; b_lo = next_lo
000C  3A4000          MOV  R5, R1         ; b_hi = next_hi
              
                      ; Loop control: count up to PUSH_COUNT
000D  100100          ADDI R0, R0, 1
000E  701000          CMPI R0, PUSH_COUNT
000F  440005          JNZ  push_loop
              
              ; ── Phase 2: POP all 16 values back into R7 ─────────────────────────────────
              
0010  200000          LDI  R0, 0          ; reset counter
              
              pop_loop:
0011  53C000          POP  R7             ; R7 = next value from stack (LIFO)
0012  100100          ADDI R0, R0, 1
0013  701000          CMPI R0, PUSH_COUNT
0014  440011          JNZ  pop_loop
              
              ; ── Halt ────────────────────────────────────────────────────────────────────
              
0015  F00000          HALT
