Addr    Word  Source
--------------------------------------------------------------
              ; gpio_in.asm — GPIO input demo
              ; clk_div: 20
              ; name: GPIO Input Demo
              ;
              ; All 8 GPIO pins are configured as inputs.
              ; The pin values are continuously read and shown on the onboard LEDs.
              ;
              ; Wiring suggestion:
              ;   Connect any of the 8 GPIO pins to 3.3V or GND and watch
              ;   the corresponding LED follow it.
              
              .equ GPIO_DIR_PORT,  0x04   ; Port 4 = GPIO direction register (1=output, 0=input)
              .equ GPIO_DATA_PORT, 0x05   ; Port 5 = GPIO data
              .equ LEDS_PORT,      0x02   ; Port 2 = onboard LEDs
              
                      ; --- configure all 8 GPIO pins as inputs ---
0000  200000          LDI  R0, 0x00
0001  908000          OUT  R0, GPIO_DIR_PORT
              
              loop:
0002  82A000          IN   R1, GPIO_DATA_PORT  ; read all 8 GPIO pin values
0003  924000          OUT  R1, LEDS_PORT       ; mirror onto the onboard LEDs
0004  400002          JMP  loop
