Addr    Word  Source
--------------------------------------------------------------
              ; infinite_counter.asm — FPGA demo: infinite counter loop
              ; clk_div: 20
              ; name: Inf Counter
              ;           12 MHz / 2^20 ≈ 11.4 Hz
              ;
              ; Counts R0 from 0 to LIMIT-1, compares against LIMIT, resets and repeats.
              ; The flags Z/C/N/V update on every iteration, producing changing LED patterns
              ; on the MAX1000 board. The CPU never halts so the heartbeat LED keeps blinking.
              ;
              ; R0 = counter
              ; R1 = limit (63 — maximum 6-bit LDI immediate)
              
              .equ LIMIT, 63
              
              start:
0000  200000          LDI  R0, 0          ; R0 = 0  (counter)
0001  20403F          LDI  R1, LIMIT      ; R1 = 63
              loop:
0002  100001          ADDI R0, R0, 1      ; R0++  (updates Z/C/N/V)
0003  600800          CMP  R0, R1         ; flags = R0 - R1
0004  440002          JNZ  loop           ; repeat while R0 != 63
0005  400000          JMP  start          ; restart from the top
