Addr    Word  Source
--------------------------------------------------------------
              ; knightrider.asm — Knight Rider LED scanner (K.I.T.T. from the TV series)
              ; clk_div: 17
              ; name: Knightrider
              ;
              ; A single lit LED bounces left and right across the 8 LEDs continuously.
              ;
              ; Register use:
              ;   R1 = 0x80  — leftmost edge value
              ;   R2 = 0x01  — rightmost edge value
              ;   R7 = current LED pattern
              ;
              ; This program runs forever — it never halts.
              
              ; Build R1 = 0x80.  LDI is limited to 6-bit immediates (0..63),
              ; so 0x80 (128) cannot be loaded directly.  Compute via two SHL from 0x20.
0000  204020          LDI  R1, 0x20       ; R1 = 0x20
0001  062400          SHL  R1, R1         ; R1 = 0x40
0002  062400          SHL  R1, R1         ; R1 = 0x80  — leftmost edge
              
0003  208001          LDI  R2, 1          ; R2 = 0x01  — rightmost edge
              
0004  3E4000          MOV  R7, R1         ; R7 = 0x80 (LED[0] on), start scanning right
0005  9E4000          OUT  R7, 2          ; display initial pattern
              
              scan_right:
0006  61D000          CMP  R7, R2         ; R7 == 0x01 (rightmost edge)?
0007  42000B          JZ   scan_left      ; yes → reverse, scan left
0008  07FC00          SHR  R7, R7         ; no  → step right
0009  9E4000          OUT  R7, 2          ; display updated pattern
000A  400006          JMP  scan_right
              
              scan_left:
000B  607800          CMP  R1, R7         ; R7 == 0x80 (leftmost edge)?
000C  420006          JZ   scan_right     ; yes → reverse, scan right
000D  06FC00          SHL  R7, R7         ; no  → step left
000E  9E4000          OUT  R7, 2          ; display updated pattern
000F  40000B          JMP  scan_left
