Addr    Word  Source
--------------------------------------------------------------
              ; led_test.asm — count R7 from 0 to 255 once, displaying each value on the LEDs.
              ; clk_div: 20
              ; name: LED Test
              ;           12 MHz / 2^20 ≈ 11.4 Hz
              ;
              
              ; ── initialise ────────────────────────────────────────────────────────────────
              
0000  21C000          LDI  R7, 0          ; R7 = 0
              
              ; ── loop ──────────────────────────────────────────────────────────────────────
              
              loop:
0001  1FC001          ADDI R7, R7, 1      ; R7++  (wraps 255→0, sets Z when result is 0)
0002  9E4000          OUT  R7, 2          ; display R7 on the onboard LEDs
0003  440001          JNZ  loop           ; keep counting until wrap
              
              ; ── done ──────────────────────────────────────────────────────────────────────
              
0004  F00000          HALT                ; R7 = 0, all LEDs off
